<area shape="rect" href="/twiki/bin/view/TWiki/Ramesses%5FXI" coords="631,361,729,381" title="Ramesses XI" >
<area shape="rect" href="/twiki/bin/view/TWiki/Ramesses%5FX" coords="592,349,684,370" title="Ramesses X" >
<area shape="rect" href="/twiki/bin/view/TWiki/Ramesses%5FIX" coords="587,338,684,359" title="Ramesses IX" >
<area shape="rect" href="/twiki/bin/view/TWiki/Ramesses%5FVIII" coords="564,327,672,348" title="Ramesses VIII" >
<area shape="rect" href="/twiki/bin/view/TWiki/Ramesses%5FVII" coords="559,316,662,336" title="Ramesses VII" >
<area shape="rect" href="/twiki/bin/view/TWiki/Ramesses%5FVI" coords="552,304,650,325" title="Ramesses VI" >
<area shape="rect" href="/twiki/bin/view/TWiki/Ramesses%5FV" coords="542,293,634,314" title="Ramesses V" >
<area shape="rect" href="/twiki/bin/view/TWiki/Ramesses%5FIV" coords="537,282,634,303" title="Ramesses IV" >
<area shape="rect" href="/twiki/bin/view/TWiki/Ramesses%5FIII" coords="529,271,632,291" title="Ramesses III" >
<area shape="rect" href="/twiki/bin/view/TWiki/Setnakhte" coords="490,259,576,280" title="Setnakhte" >
<area shape="rect" href="/twiki/bin/view/TWiki/Twosret" coords="487,248,674,269" title="Twosret" >
<area shape="rect" href="/twiki/bin/view/TWiki/Siptah" coords="485,237,665,258" title="Siptah" >
<area shape="rect" href="/twiki/bin/view/TWiki/Seti%5FII" coords="477,226,663,246" title="Seti II" >
<area shape="rect" href="/twiki/bin/view/TWiki/Amenmesse" coords="470,214,667,235" title="Amenmesse" >
<area shape="rect" href="/twiki/bin/view/TWiki/Merneptah" coords="464,203,662,224" title="Merneptah" >
<area shape="rect" href="/twiki/bin/view/TWiki/Ramesses%5FII" coords="452,192,699,213" title="Ramesses II" >
<area shape="rect" href="/twiki/bin/view/TWiki/Seti%5FI" coords="368,181,548,201" title="Seti I" >
<area shape="rect" href="/twiki/bin/view/TWiki/Ramesses%5FI" coords="354,170,556,190" title="Ramesses I" >
<area shape="rect" href="/twiki/bin/view/TWiki/Horemheb" coords="351,158,432,179" title="Horemheb" >
<area shape="rect" href="/twiki/bin/view/TWiki/Ay" coords="314,147,445,168" title="Ay" >
<area shape="rect" href="/twiki/bin/view/TWiki/Tutankhamun" coords="309,136,406,156" title="Tutankhamun" >
<area shape="rect" href="/twiki/bin/view/TWiki/Smenkhkare" coords="298,125,389,145" title="Smenkhkare" >
<area shape="rect" href="/twiki/bin/view/TWiki/Akhenaten" coords="285,113,371,134" title="Akhenaten" >
<area shape="rect" href="/twiki/bin/view/TWiki/Amenhotep%5FIII" coords="276,102,384,123" title="Amenhotep III" >
<area shape="rect" href="/twiki/bin/view/TWiki/Thutmose%5FIV" coords="227,91,325,111" title="Thutmose IV" >
<area shape="rect" href="/twiki/bin/view/TWiki/Amenhotep%5FII" coords="215,80,317,100" title="Amenhotep II" >
<area shape="rect" href="/twiki/bin/view/TWiki/Hatshepsut" coords="141,68,232,89" title="Hatshepsut" >
<area shape="rect" href="/twiki/bin/view/TWiki/Thutmose%5FIII" coords="182,57,284,78" title="Thutmose III" >
<area shape="rect" href="/twiki/bin/view/TWiki/Thutmose%5FII" coords="113,46,210,67" title="Thutmose II" >
<area shape="rect" href="/twiki/bin/view/TWiki/Thutmose%5FI" coords="96,35,188,55" title="Thutmose I" >
<area shape="rect" href="/twiki/bin/view/TWiki/Amenhotep%5FI" coords="81,23,178,44" title="Amenhotep I" >
<area shape="rect" href="/twiki/bin/view/TWiki/Ahmose%5FI" coords="54,12,135,33" title="Ahmose I" >
<area shape="rect" href="/twiki/bin/view/TWiki/20th%5Fdynasty%5Fof%5FEgypt" coords="491,384,643,405" title="20th dynasty of Egypt" >
<area shape="rect" href="/twiki/bin/view/TWiki/19th%5Fdynasty%5Fof%5FEgypt" coords="350,384,503,405" title="19th dynasty of Egypt" >
<area shape="rect" href="/twiki/bin/view/TWiki/18th%5Fdynasty%5Fof%5FEgypt" coords="118,384,271,405" title="18th dynasty of Egypt" >
