<area shape="rect" href="/twiki/bin/view/TWiki/glockenspiel" coords="423,1178,526,1199" title="glockenspiel" >
<area shape="rect" href="/twiki/bin/view/TWiki/xylophone" coords="390,1161,477,1182" title="xylophone" >
<area shape="rect" href="/twiki/bin/view/TWiki/vibraphone" coords="297,1144,389,1165" title="vibraphone" >
<area shape="rect" href="/twiki/bin/view/TWiki/celesta" coords="346,1127,421,1148" title="celesta" >
<area shape="rect" href="/twiki/bin/view/TWiki/tubular%5Fbell" coords="204,1111,313,1131" title="tubular bell" >
<area shape="rect" href="/twiki/bin/view/TWiki/marimba" coords="276,1094,351,1114" title="marimba" >
<area shape="rect" href="/twiki/bin/view/TWiki/idiophone" coords="270,1077,356,1098" title="idiophone" >
<area shape="rect" href="/twiki/bin/view/TWiki/timpani" coords="171,1060,246,1081" title="timpani" >
<area shape="rect" href="/twiki/bin/view/TWiki/membranophone" coords="259,1043,367,1064" title="membranophone" >
<area shape="rect" href="/twiki/bin/view/TWiki/percussion" coords="267,1026,359,1047" title="percussion" >
<area shape="rect" href="/twiki/bin/view/TWiki/cornet" coords="291,1010,360,1030" title="cornet" >
<area shape="rect" href="/twiki/bin/view/TWiki/trumpet" coords="288,993,363,1013" title="trumpet" >
<area shape="rect" href="/twiki/bin/view/TWiki/horn_28%instrument)" coords="218,976,276,997" title="horn (instrument)" >
<area shape="rect" href="/twiki/bin/view/TWiki/trombone" coords="201,959,281,980" title="trombone" >
<area shape="rect" href="/twiki/bin/view/TWiki/tuba" coords="162,942,221,963" title="tuba" >
<area shape="rect" href="/twiki/bin/view/TWiki/brass%5Finstrument" coords="250,925,375,946" title="brass instrument" >
<area shape="rect" href="/twiki/bin/view/TWiki/organ_28%music)" coords="282,909,346,929" title="organ (music)" >
<area shape="rect" href="/twiki/bin/view/TWiki/recorder" coords="400,875,537,896" title="recorder" >
<area shape="rect" href="/twiki/bin/view/TWiki/recorder" coords="349,858,530,879" title="recorder" >
<area shape="rect" href="/twiki/bin/view/TWiki/recorder" coords="344,841,453,862" title="recorder" >
<area shape="rect" href="/twiki/bin/view/TWiki/recorder" coords="312,824,426,845" title="recorder" >
<area shape="rect" href="/twiki/bin/view/TWiki/recorder" coords="274,808,383,828" title="recorder" >
<area shape="rect" href="/twiki/bin/view/TWiki/recorder" coords="262,791,364,811" title="recorder" >
<area shape="rect" href="/twiki/bin/view/TWiki/piccolo" coords="416,774,491,795" title="piccolo" >
<area shape="rect" href="/twiki/bin/view/TWiki/flute" coords="352,757,416,778" title="flute" >
<area shape="rect" href="/twiki/bin/view/TWiki/flute" coords="309,740,401,761" title="flute" >
<area shape="rect" href="/twiki/bin/view/TWiki/flute" coords="268,723,360,744" title="flute" >
<area shape="rect" href="/twiki/bin/view/TWiki/transverse%5Fflute" coords="250,707,375,727" title="transverse flute" >
<area shape="rect" href="/twiki/bin/view/TWiki/accordion" coords="283,690,369,710" title="accordion" >
<area shape="rect" href="/twiki/bin/view/TWiki/harmonium" coords="271,673,357,694" title="harmonium" >
<area shape="rect" href="/twiki/bin/view/TWiki/free%5Freed" coords="270,656,356,677" title="free reed" >
<area shape="rect" href="/twiki/bin/view/TWiki/clarinet" coords="301,639,437,660" title="clarinet" >
<area shape="rect" href="/twiki/bin/view/TWiki/soprano%5Fsaxophone" coords="275,622,405,643" title="soprano saxophone" >
<area shape="rect" href="/twiki/bin/view/TWiki/clarinet" coords="300,606,380,626" title="clarinet" >
<area shape="rect" href="/twiki/bin/view/TWiki/alto%5Fsaxophone" coords="248,589,362,609" title="alto saxophone" >
<area shape="rect" href="/twiki/bin/view/TWiki/saxophone" coords="216,572,336,593" title="saxophone" >
<area shape="rect" href="/twiki/bin/view/TWiki/saxophone" coords="178,555,281,576" title="saxophone" >
<area shape="rect" href="/twiki/bin/view/TWiki/bass%5Fclarinet" coords="201,538,310,559" title="bass clarinet" >
<area shape="rect" href="/twiki/bin/view/TWiki/saxophone" coords="140,521,260,542" title="saxophone" >
<area shape="rect" href="/twiki/bin/view/TWiki/single%5Freed" coords="264,505,362,525" title="single reed" >
<area shape="rect" href="/twiki/bin/view/TWiki/oboe" coords="326,488,384,508" title="oboe" >
<area shape="rect" href="/twiki/bin/view/TWiki/cor%5Fanglais" coords="274,471,371,492" title="cor anglais" >
<area shape="rect" href="/twiki/bin/view/TWiki/bassoon" coords="204,454,279,475" title="bassoon" >
<area shape="rect" href="/twiki/bin/view/TWiki/contrabassoon" coords="91,437,199,458" title="contrabassoon" >
<area shape="rect" href="/twiki/bin/view/TWiki/double%5Freed" coords="264,420,362,441" title="double reed" >
<area shape="rect" href="/twiki/bin/view/TWiki/woodwind%5Finstrument" coords="242,404,384,424" title="woodwind instrument" >
<area shape="rect" href="/twiki/bin/view/TWiki/cymbalum" coords="256,387,337,407" title="cymbalum" >
<area shape="rect" href="/twiki/bin/view/TWiki/piano" coords="273,370,337,391" title="piano" >
<area shape="rect" href="/twiki/bin/view/TWiki/5%2Dstring%5Fbanjo" coords="254,336,368,357" title="5-string banjo" >
<area shape="rect" href="/twiki/bin/view/TWiki/mandolin" coords="335,319,415,340" title="mandolin" >
<area shape="rect" href="/twiki/bin/view/TWiki/guitar" coords="247,303,317,323" title="guitar" >
<area shape="rect" href="/twiki/bin/view/TWiki/harpsichord" coords="225,286,322,306" title="harpsichord" >
<area shape="rect" href="/twiki/bin/view/TWiki/harp" coords="261,269,320,290" title="harp" >
<area shape="rect" href="/twiki/bin/view/TWiki/violin" coords="370,235,439,256" title="violin" >
<area shape="rect" href="/twiki/bin/view/TWiki/viola" coords="294,218,358,239" title="viola" >
<area shape="rect" href="/twiki/bin/view/TWiki/cello" coords="232,202,296,222" title="cello" >
<area shape="rect" href="/twiki/bin/view/TWiki/double%5Fbass" coords="128,185,225,205" title="double bass" >
<area shape="rect" href="/twiki/bin/view/TWiki/string%5Finstrument" coords="248,151,378,172" title="string instrument" >
<area shape="rect" href="/twiki/bin/view/TWiki/soprano" coords="311,134,386,155" title="soprano" >
<area shape="rect" href="/twiki/bin/view/TWiki/mezzo%2Dsoprano" coords="277,117,386,138" title="mezzo-soprano" >
<area shape="rect" href="/twiki/bin/view/TWiki/alto%20%28voice%29" coords="259,101,345,121" title="alto%20%28voice%29" >
<area shape="rect" href="/twiki/bin/view/TWiki/tenor" coords="247,84,311,104" title="tenor" >
<area shape="rect" href="/twiki/bin/view/TWiki/baritone" coords="221,67,302,88" title="baritone" >
<area shape="rect" href="/twiki/bin/view/TWiki/basso" coords="203,50,261,71" title="basso" >
<area shape="rect" href="/twiki/bin/view/TWiki/human%5Fvoice" coords="264,33,362,54" title="human voice" >
